12
4 8 14 6 8 5 13 8
8 2 13 7 11 1 11 20
4 8 14 6 11 1 11 20
8 5 13 8 11 1 11 20
10 7 22 10 11 1 11 20
10.5 12 12 3 11 1 11 20
10 7 22 10 10.5 12 12 3
8 5 13 8 10.5 12 12 3
4 8 14 6 10.5 12 12 3
8 2 13 7 10.5 12 12 3
8 5 13 8 10 7 22 10
4 8 14 6 8 2 13 7
